<?xml version="1.0"?>
<testsuite name="Chrome Headless 148.0.0.0 (Mac OS 10.15.7)" package="" timestamp="2026-05-19T08:30:32" id="0" hostname="ES-ENG-MUNOZ" tests="5" errors="0" failures="0" time="0.024">
  <properties>
    <property name="browser.fullName" value="Mozilla/5.0 (Macintosh; Intel Mac OS X 10_15_7) AppleWebKit/537.36 (KHTML, like Gecko) HeadlessChrome/148.0.0.0 Safari/537.36"/>
  </properties>
  <testcase name="AppComponent should have title 'journal-me'" time="0.018" classname="AppComponent"/>
  <testcase name="AppComponent should create the app" time="0.001" classname="AppComponent"/>
  <testcase name="AppComponent should update isAuthenticated when auth event fires" time="0.002" classname="AppComponent"/>
  <testcase name="AppComponent should start unauthenticated" time="0.002" classname="AppComponent"/>
  <testcase name="AppComponent should toggle isNavBurgerActive" time="0.001" classname="AppComponent"/>
  <system-out>
    <![CDATA[
]]>
  </system-out>
  <system-err/>
</testsuite>